=/pretest.json
{
  _: [],
  f: [
    '/home/runner/work/ds-chord-system.expt/ds-chord-system.expt/experiment/pretest.json'
  ],
  files: [
    '/home/runner/work/ds-chord-system.expt/ds-chord-system.expt/experiment/pretest.json'
  ],
  c: 'assessment',
  contentTypes: 'assessment',
  'content-types': 'assessment',
  '$0': 'validate'
}
/questions/4/difficulty: Difficulty can only be: beginner, intermediate or advanced

/questions/5/difficulty: Difficulty can only be: beginner, intermediate or advanced

/questions/6/difficulty: Difficulty can only be: beginner, intermediate or advanced

/questions/7/difficulty: Difficulty can only be: beginner, intermediate or advanced

Json Error: must match "then" schema
Json Error: must match "then" schema
Failed while validating /home/runner/work/ds-chord-system.expt/ds-chord-system.expt/experiment/pretest.json
Error: Schema is Invalid
=/posttest.json
{
  _: [],
  f: [
    '/home/runner/work/ds-chord-system.expt/ds-chord-system.expt/experiment/posttest.json'
  ],
  files: [
    '/home/runner/work/ds-chord-system.expt/ds-chord-system.expt/experiment/posttest.json'
  ],
  c: 'assessment',
  contentTypes: 'assessment',
  'content-types': 'assessment',
  '$0': 'validate'
}
/questions/1/difficulty: Difficulty can only be: beginner, intermediate or advanced

/questions/3/difficulty: Difficulty can only be: beginner, intermediate or advanced

/questions/6/difficulty: Difficulty can only be: beginner, intermediate or advanced

Json Error: must match "then" schema
Json Error: must match "then" schema
Failed while validating /home/runner/work/ds-chord-system.expt/ds-chord-system.expt/experiment/posttest.json
Error: Schema is Invalid
